<!--
  - [ ] Do exercises #todo #health 🆔 abcdef ⛔ 123456,abc123 🔼 🔁 every day when done 🏁 delete ➕ 2023-07-01 🛫 2023-07-02 ⏳ 2023-07-03 ⏱ 26h59m 📅 2023-07-04 ❌ 2023-07-06 ✅ 2023-07-05 ^dcf64c
-->

<li
  class="task-list-item plugin-tasks-list-item"
  data-task-priority="medium"
  data-task-created="past-4d"
  data-task-start="past-3d"
  data-task-scheduled="past-2d"
  data-task-duration="26h59m"
  data-task-due="past-1d"
  data-task-cancelled="future-1d"
  data-task-done="today"
  data-task=""
  data-line="0"
  data-task-status-name="Todo"
  data-task-status-type="TODO">
  <input class="task-list-item-checkbox" type="checkbox" title="Right-click for options" data-line="0" />
  <span class="tasks-list-text">
    <span class="task-description"><span>Do exercises #todo #health</span></span>
    <span class="task-id"><span>🆔 abcdef</span></span>
    <span class="task-dependsOn"><span>⛔ 123456,abc123</span></span>
    <span class="task-priority" data-task-priority="medium"><span>🔼</span></span>
    <span class="task-recurring"><span>🔁 every day when done</span></span>
    <span class="task-onCompletion"><span>🏁 delete</span></span>
    <span
      class="task-created"
      data-task-created="past-4d"
      title="Click to edit created date, Right-click for more options">
      <span>➕ 2023-07-01</span>
    </span>
    <span class="task-start" data-task-start="past-3d" title="Click to edit start date, Right-click for more options">
      <span>🛫 2023-07-02</span>
    </span>
    <span
      class="task-scheduled"
      data-task-scheduled="past-2d"
      title="Click to edit scheduled date, Right-click for more options">
      <span>⏳ 2023-07-03</span>
    </span>
    <span class="task-duration" data-task-duration="26h59m"><span>⏱ 26h59m</span></span>
    <span class="task-due" data-task-due="past-1d" title="Click to edit due date, Right-click for more options">
      <span>📅 2023-07-04</span>
    </span>
    <span
      class="task-cancelled"
      data-task-cancelled="future-1d"
      title="Click to edit cancelled date, Right-click for more options">
      <span>❌ 2023-07-06</span>
    </span>
    <span class="task-done" data-task-done="today" title="Click to edit done date, Right-click for more options">
      <span>✅ 2023-07-05</span>
    </span>
    <span class="task-block-link"><span>^dcf64c</span></span>
  </span>
</li>
