<!--
  - [ ] Do exercises #todo #health 🆔 abcdef ⛔ 123456,abc123 🔼 🔁 every day when done 🏁 delete ➕ 2023-07-01 🛫 2023-07-02 ⏳ 2023-07-03 📅 2023-07-04 ❌ 2023-07-06 ✅ 2023-07-05 ^dcf64c
-->

<li
  class="task-list-item plugin-tasks-list-item"
  data-task-priority="medium"
  data-task-created="past-4d"
  data-task-start="past-3d"
  data-task-scheduled="past-2d"
  data-task-due="past-1d"
  data-task-cancelled="future-1d"
  data-task-done="today"
  data-task=""
  data-line="0"
  data-task-status-name="Todo"
  data-task-status-type="TODO">
  <input class="task-list-item-checkbox" type="checkbox" title="Right-click for options" data-line="0" />
  <span class="tasks-list-text">
    <span class="task-description"><span>Do exercises #todo #health</span></span>
    <span class="task-id"><span>🆔</span></span>
    <span class="task-dependsOn"><span>⛔</span></span>
    <span class="task-priority" data-task-priority="medium"><span>🔼</span></span>
    <span class="task-recurring"><span>🔁</span></span>
    <span class="task-onCompletion"><span>🏁</span></span>
    <span class="task-created" data-task-created="past-4d"><span>➕</span></span>
    <span class="task-start" data-task-start="past-3d"><span>🛫</span></span>
    <span class="task-scheduled" data-task-scheduled="past-2d"><span>⏳</span></span>
    <span class="task-due" data-task-due="past-1d"><span>📅</span></span>
    <span class="task-cancelled" data-task-cancelled="future-1d"><span>❌</span></span>
    <span class="task-done" data-task-done="today"><span>✅</span></span>
    <span class="task-block-link"><span>^dcf64c</span></span>
  </span>
</li>
