<li class="task-list-item plugin-tasks-list-item"
    data-task-priority="medium"
    data-task-created="past-far"
    data-task-start="past-far"
    data-task-scheduled="past-far"
    data-task-due="past-far"
    data-task-done="past-far"
    data-task=""
    data-line="0"
    data-task-status-name="Todo"
    data-task-status-type="TODO"><input class="task-list-item-checkbox" type="checkbox"
    data-line="0">
        <span class="tasks-list-text">
        <span class="task-description">
        <span></span></span>
        <span class="task-priority"
    data-task-priority="medium">
        <span> 🔼</span></span>
        <span class="task-recurring">
        <span> 🔁</span></span>
        <span class="task-created"
    data-task-created="past-far">
        <span> ➕</span></span>
        <span class="task-start"
    data-task-start="past-far">
        <span> 🛫</span></span>
        <span class="task-scheduled"
    data-task-scheduled="past-far">
        <span> ⏳</span></span>
        <span class="task-due"
    data-task-due="past-far">
        <span> 📅</span></span>
        <span class="task-done"
    data-task-done="past-far">
        <span> ✅</span></span>
        <span class="block-link">
        <span> ^dcf64c</span></span></span></li>
