Results of custom filters



filter by function task.tags.length === 1
Find tasks with exactly 1 tag (other than any global filter)
=>
- [ ] my description #tag
- [ ] my description #tag/subtag
- [ ] my description #tag/subtag/sub-sub-tag
- [ ] my description #project/project1
- [ ] my description #context/home
- [ ] my description #context/work
====================================================================================


filter by function task.tags.length > 1
Find tasks with more than one tag (other than any global filter)
=>
- [ ] my description #multiple-tags1 #multiple-tags2
====================================================================================

