Results of custom filters



filter by function task.created.format('dddd') === 'Monday'
Find tasks created on Monday.
On non-English systems, you may need to supply the day of the week in the local language
=>

====================================================================================

