KEY: (globalFilter, set created date)


('', false)
    '' =>
    '- [ ] simulate user typing text in to empty description field 🐳 67f9c5dd8f08d8402fd1b88f 📅 2023-07-18'

('', false)
    'plain text, not a list item' =>
    '- [ ] plain text, not a list item 🐳 67f9c5dd8f08d8402fd1b88f 📅 2023-07-18'

('', false)
    '-' =>
    '- [ ] simulate user typing text in to empty description field 🐳 67f9c5dd8f08d8402fd1b88f 📅 2023-07-18'

('', false)
    '- ' =>
    '- [ ] simulate user typing text in to empty description field 🐳 67f9c5dd8f08d8402fd1b88f 📅 2023-07-18'

('', false)
    '- [ ]' =>
    '- [ ] simulate user typing text in to empty description field 🐳 67f9c5dd8f08d8402fd1b88f 📅 2023-07-18'

('', false)
    '- [ ] ' =>
    '- [ ] simulate user typing text in to empty description field 🐳 67f9c5dd8f08d8402fd1b88f 📅 2023-07-18'

('', false)
    '- list item, but no checkbox' =>
    '- [ ] list item, but no checkbox 🐳 67f9c5dd8f08d8402fd1b88f 📅 2023-07-18'

('', false)
    '- [ ] checkbox with initial description' =>
    '- [ ] checkbox with initial description 🐳 67f9c5dd8f08d8402fd1b88f 📅 2023-07-18'

('', false)
    '- [ ] checkbox with initial description and created date ➕ 2023-01-01' =>
    '- [ ] checkbox with initial description and created date 🐳 67f9c5dd8f08d8402fd1b88f ➕ 2023-01-01 📅 2023-07-18'

('', false)
    '- [ ] #task checkbox with global filter string and initial description' =>
    '- [ ] #task checkbox with global filter string and initial description 🐳 67f9c5dd8f08d8402fd1b88f 📅 2023-07-18'

('', false)
    '- [ ] checkbox with initial description ending with task tag at end #task' =>
    '- [ ] checkbox with initial description ending with task tag at end #task 🐳 67f9c5dd8f08d8402fd1b88f 📅 2023-07-18'

('', true)
    '' =>
    '- [ ] simulate user typing text in to empty description field 🐳 67f9c5dd8f08d8402fd1b88f ➕ 2023-07-18 📅 2023-07-18'

('', true)
    'plain text, not a list item' =>
    '- [ ] plain text, not a list item 🐳 67f9c5dd8f08d8402fd1b88f ➕ 2023-07-18 📅 2023-07-18'

('', true)
    '-' =>
    '- [ ] simulate user typing text in to empty description field 🐳 67f9c5dd8f08d8402fd1b88f ➕ 2023-07-18 📅 2023-07-18'

('', true)
    '- ' =>
    '- [ ] simulate user typing text in to empty description field 🐳 67f9c5dd8f08d8402fd1b88f ➕ 2023-07-18 📅 2023-07-18'

('', true)
    '- [ ]' =>
    '- [ ] simulate user typing text in to empty description field 🐳 67f9c5dd8f08d8402fd1b88f ➕ 2023-07-18 📅 2023-07-18'

('', true)
    '- [ ] ' =>
    '- [ ] simulate user typing text in to empty description field 🐳 67f9c5dd8f08d8402fd1b88f ➕ 2023-07-18 📅 2023-07-18'

('', true)
    '- list item, but no checkbox' =>
    '- [ ] list item, but no checkbox 🐳 67f9c5dd8f08d8402fd1b88f ➕ 2023-07-18 📅 2023-07-18'

('', true)
    '- [ ] checkbox with initial description' =>
    '- [ ] checkbox with initial description 🐳 67f9c5dd8f08d8402fd1b88f 📅 2023-07-18'

('', true)
    '- [ ] checkbox with initial description and created date ➕ 2023-01-01' =>
    '- [ ] checkbox with initial description and created date 🐳 67f9c5dd8f08d8402fd1b88f ➕ 2023-01-01 📅 2023-07-18'

('', true)
    '- [ ] #task checkbox with global filter string and initial description' =>
    '- [ ] #task checkbox with global filter string and initial description 🐳 67f9c5dd8f08d8402fd1b88f 📅 2023-07-18'

('', true)
    '- [ ] checkbox with initial description ending with task tag at end #task' =>
    '- [ ] checkbox with initial description ending with task tag at end #task 🐳 67f9c5dd8f08d8402fd1b88f 📅 2023-07-18'

('#task', false)
    '' =>
    '- [ ] #task simulate user typing text in to empty description field 🐳 67f9c5dd8f08d8402fd1b88f 📅 2023-07-18'

('#task', false)
    'plain text, not a list item' =>
    '- [ ] #task plain text, not a list item 🐳 67f9c5dd8f08d8402fd1b88f 📅 2023-07-18'

('#task', false)
    '-' =>
    '- [ ] #task simulate user typing text in to empty description field 🐳 67f9c5dd8f08d8402fd1b88f 📅 2023-07-18'

('#task', false)
    '- ' =>
    '- [ ] #task simulate user typing text in to empty description field 🐳 67f9c5dd8f08d8402fd1b88f 📅 2023-07-18'

('#task', false)
    '- [ ]' =>
    '- [ ] #task simulate user typing text in to empty description field 🐳 67f9c5dd8f08d8402fd1b88f 📅 2023-07-18'

('#task', false)
    '- [ ] ' =>
    '- [ ] #task simulate user typing text in to empty description field 🐳 67f9c5dd8f08d8402fd1b88f 📅 2023-07-18'

('#task', false)
    '- list item, but no checkbox' =>
    '- [ ] #task list item, but no checkbox 🐳 67f9c5dd8f08d8402fd1b88f 📅 2023-07-18'

('#task', false)
    '- [ ] checkbox with initial description' =>
    '- [ ] #task checkbox with initial description 🐳 67f9c5dd8f08d8402fd1b88f 📅 2023-07-18'

('#task', false)
    '- [ ] checkbox with initial description and created date ➕ 2023-01-01' =>
    '- [ ] #task checkbox with initial description and created date 🐳 67f9c5dd8f08d8402fd1b88f ➕ 2023-01-01 📅 2023-07-18'

('#task', false)
    '- [ ] #task checkbox with global filter string and initial description' =>
    '- [ ] #task checkbox with global filter string and initial description 🐳 67f9c5dd8f08d8402fd1b88f 📅 2023-07-18'

('#task', false)
    '- [ ] checkbox with initial description ending with task tag at end #task' =>
    '- [ ] #task checkbox with initial description ending with task tag at end 🐳 67f9c5dd8f08d8402fd1b88f 📅 2023-07-18'

('#task', true)
    '' =>
    '- [ ] #task simulate user typing text in to empty description field 🐳 67f9c5dd8f08d8402fd1b88f ➕ 2023-07-18 📅 2023-07-18'

('#task', true)
    'plain text, not a list item' =>
    '- [ ] #task plain text, not a list item 🐳 67f9c5dd8f08d8402fd1b88f ➕ 2023-07-18 📅 2023-07-18'

('#task', true)
    '-' =>
    '- [ ] #task simulate user typing text in to empty description field 🐳 67f9c5dd8f08d8402fd1b88f ➕ 2023-07-18 📅 2023-07-18'

('#task', true)
    '- ' =>
    '- [ ] #task simulate user typing text in to empty description field 🐳 67f9c5dd8f08d8402fd1b88f ➕ 2023-07-18 📅 2023-07-18'

('#task', true)
    '- [ ]' =>
    '- [ ] #task simulate user typing text in to empty description field 🐳 67f9c5dd8f08d8402fd1b88f ➕ 2023-07-18 📅 2023-07-18'

('#task', true)
    '- [ ] ' =>
    '- [ ] #task simulate user typing text in to empty description field 🐳 67f9c5dd8f08d8402fd1b88f ➕ 2023-07-18 📅 2023-07-18'

('#task', true)
    '- list item, but no checkbox' =>
    '- [ ] #task list item, but no checkbox 🐳 67f9c5dd8f08d8402fd1b88f ➕ 2023-07-18 📅 2023-07-18'

('#task', true)
    '- [ ] checkbox with initial description' =>
    '- [ ] #task checkbox with initial description 🐳 67f9c5dd8f08d8402fd1b88f ➕ 2023-07-18 📅 2023-07-18'

('#task', true)
    '- [ ] checkbox with initial description and created date ➕ 2023-01-01' =>
    '- [ ] #task checkbox with initial description and created date 🐳 67f9c5dd8f08d8402fd1b88f ➕ 2023-01-01 📅 2023-07-18'

('#task', true)
    '- [ ] #task checkbox with global filter string and initial description' =>
    '- [ ] #task checkbox with global filter string and initial description 🐳 67f9c5dd8f08d8402fd1b88f 📅 2023-07-18'

('#task', true)
    '- [ ] checkbox with initial description ending with task tag at end #task' =>
    '- [ ] #task checkbox with initial description ending with task tag at end 🐳 67f9c5dd8f08d8402fd1b88f 📅 2023-07-18'
