Results of custom sorters



sort by function task.scheduled.format("dddd")
Sort by scheduled date's day of the week, alphabetically.
=>
- [ ] my description
- [ ] my description ⏳ Invalid date
- [ ] my description ⏳ 2023-06-01
- [ ] my description ⏳ 2023-05-30
- [ ] my description ⏳ 2023-05-31
====================================================================================

