Results of custom sorters



sort by function task.status.nextSymbol
Sort by the next status symbol.
=>
- [] Status EMPTY
- [-] Status Cancelled
- [x] Status Done
- [Q] Status Non-Task
- [ ] Status Todo
- [/] Status In Progress
====================================================================================

