Results of custom sorters



sort by function task.start.format("dddd")
Sort by start date's day of the week, alphabetically.
=>
- [ ] my description
- [ ] my description ðŸ›« Invalid date
- [ ] my description ðŸ›« 2023-06-01
- [ ] my description ðŸ›« 2023-05-30
- [ ] my description ðŸ›« 2023-05-31
====================================================================================

