Results of custom sorters



sort by function task.tags.map( (tag) => tag.split('/')[0].replace('#', '') )
`#tag/subtag/sub-sub-tag` gives **`tag`**.
=>
- [ ] my description
- [ ] my description #tag
- [ ] my description #tag/subtag
- [ ] my description #tag/subtag/sub-sub-tag
- [ ] my description #multiple-tags1 #multiple-tags2
- [ ] my description #project/project1
- [ ] my description #context/home
- [ ] my description #context/work
====================================================================================


sort by function task.tags.map( (tag) => tag.split('/')[1] ? tag.split('/').slice(1, 2) : '')
`#tag/subtag/sub-sub-tag` gives **`subtag`**.
=>
- [ ] my description
- [ ] my description #tag
- [ ] my description #tag/subtag
- [ ] my description #tag/subtag/sub-sub-tag
- [ ] my description #multiple-tags1 #multiple-tags2
- [ ] my description #project/project1
- [ ] my description #context/home
- [ ] my description #context/work
====================================================================================


sort by function task.tags.map( (tag) => tag.split('/')[2] ? tag.split('/').slice(2, 3) : '')
`#tag/subtag/sub-sub-tag` gives **`sub-sub-tag`**.
=>
- [ ] my description
- [ ] my description #tag
- [ ] my description #tag/subtag
- [ ] my description #tag/subtag/sub-sub-tag
- [ ] my description #multiple-tags1 #multiple-tags2
- [ ] my description #project/project1
- [ ] my description #context/home
- [ ] my description #context/work
====================================================================================


sort by function task.tags.map( (tag) => tag.split('/')[3] ? tag.split('/').slice(3, 4) : '')
`#tag/subtag/sub-sub-tag` gives no heading, as there is no value at the 4th level.
=>
- [ ] my description
- [ ] my description #tag
- [ ] my description #tag/subtag
- [ ] my description #tag/subtag/sub-sub-tag
- [ ] my description #multiple-tags1 #multiple-tags2
- [ ] my description #project/project1
- [ ] my description #context/home
- [ ] my description #context/work
====================================================================================


sort by function task.tags.map( (tag) => tag.split('/')[0] )
`#tag/subtag/sub-sub-tag` gives **`#tag`**.
=>
- [ ] my description
- [ ] my description #tag
- [ ] my description #tag/subtag
- [ ] my description #tag/subtag/sub-sub-tag
- [ ] my description #multiple-tags1 #multiple-tags2
- [ ] my description #project/project1
- [ ] my description #context/home
- [ ] my description #context/work
====================================================================================


sort by function task.tags.map( (tag) => tag.split('/')[1] ? tag.split('/').slice(0, 2).join('/') : '')
`#tag/subtag/sub-sub-tag` gives **`#tag/subtag`**.
=>
- [ ] my description
- [ ] my description #tag
- [ ] my description #tag/subtag
- [ ] my description #tag/subtag/sub-sub-tag
- [ ] my description #multiple-tags1 #multiple-tags2
- [ ] my description #project/project1
- [ ] my description #context/home
- [ ] my description #context/work
====================================================================================


sort by function task.tags.map( (tag) => tag.split('/')[2] ? tag.split('/').slice(0, 3).join('/') : '')
`#tag/subtag/sub-sub-tag` gives **`#tag/subtag/sub-sub-tag`**.
=>
- [ ] my description
- [ ] my description #tag
- [ ] my description #tag/subtag
- [ ] my description #tag/subtag/sub-sub-tag
- [ ] my description #multiple-tags1 #multiple-tags2
- [ ] my description #project/project1
- [ ] my description #context/home
- [ ] my description #context/work
====================================================================================


sort by function task.tags.map( (tag) => tag.split('/')[3] ? tag.split('/').slice(0, 4).join('/') : '')
`#tag/subtag/sub-sub-tag` gives no heading, as there is no value at the 4th level.
=>
- [ ] my description
- [ ] my description #tag
- [ ] my description #tag/subtag
- [ ] my description #tag/subtag/sub-sub-tag
- [ ] my description #multiple-tags1 #multiple-tags2
- [ ] my description #project/project1
- [ ] my description #context/home
- [ ] my description #context/work
====================================================================================

