Results of custom sorters



sort by function task.cancelled.format("dddd")
Sort by cancelled date's day of the week, alphabetically.
=>
- [ ] my description
- [ ] my description ❌ 2023-06-02
- [ ] my description ❌ Invalid date
- [ ] my description ❌ 2023-06-01
- [ ] my description ❌ 2023-05-30
- [ ] my description ❌ 2023-05-31
====================================================================================

