Results of custom sorters



sort by function task.happens.format("dddd")
Sort by happens date's day of the week, alphabetically.
=>
- [ ] my description ğŸ“… Invalid date
- [ ] my description
- [ ] my description ğŸ“… 2023-06-02
- [ ] my description ğŸ“… 2023-06-01
- [ ] my description ğŸ“… 2023-05-30
- [ ] my description ğŸ“… 2023-05-31
====================================================================================

