
```mermaid
flowchart LR
0[Todo]
1[In Progress]
2[Done];
1 --> 2
2 --> 3
3 --> 1;
```
