Results of custom groupers



group by function task.status.type
Unlike "group by status.type", this sorts the status types in alphabetical order.
=>
CANCELLED
DONE
EMPTY
IN_PROGRESS
NON_TASK
TODO
====================================================================================


group by function task.status.typeGroupText
This sorts the status types in the same order as "group by status.type".
=>
%%1%%IN_PROGRESS
%%2%%TODO
%%3%%DONE
%%4%%CANCELLED
%%5%%NON_TASK
%%6%%EMPTY
====================================================================================

