Results of custom groupers



group by function task.happens.format("YYYY-MM-DD dddd")
Like "group by happens", except it uses an empty string instead of "No happens date" if there is no happens date.
=>
2023-05-30 Tuesday
2023-05-31 Wednesday
2023-06-01 Thursday
2023-06-02 Friday
====================================================================================

