Results of custom groupers



group by function "Next status symbol: " + task.status.nextSymbol.replace(" ", "space")
Group by the next status symbol, making space characters visible.
=>
Next status symbol: 
Next status symbol: A
Next status symbol: space
Next status symbol: x
====================================================================================

