How due date suggestions are affected by what the user has typed:


For this markdown line:
"- [ ] some task ðŸ“…"

The first suggestion is:
{
    "suggestionType": "match",
    "displayText": "today (2022-07-11)",
    "appendText": "ðŸ“… 2022-07-11 ",
    "insertAt": 16,
    "insertSkip": 2
}
--------------------------------------------------------------------------------

For this markdown line:
"- [ ] some task ðŸ“… 27 oct"

The first suggestion is:
{
    "suggestionType": "match",
    "displayText": "2022-10-27",
    "appendText": "ðŸ“… 2022-10-27 ",
    "insertAt": 16,
    "insertSkip": 9
}
--------------------------------------------------------------------------------

For this markdown line:
"- [ ] some task ðŸ“… 1 year"

The first suggestion is:
{
    "suggestionType": "match",
    "displayText": "2023-07-11",
    "appendText": "ðŸ“… 2023-07-11 ",
    "insertAt": 16,
    "insertSkip": 9
}
--------------------------------------------------------------------------------

