Results of custom groupers



group by function task.blockLink.replace(' ^', '')
DO NOT RELEASE UNTIL THE LEADING SPACE IS REMOVED FROM BLOCKLINKS. Removing the leading space and carat prevents the rendered heading itself being treated as a blocklink.
=>
ca47c7
fromseparatefile
====================================================================================

