["hello",hello] => "hello",hello
["",] => "",
[[],] => [],
["" || "No value",No value] => "" || "No value",No value
[false,false] => false,false
[true,true] => true,true
[1,1] => 1,1
[0,0] => 0,0
[0 || "No value",No value] => 0 || "No value",No value
[1.0765456,1.0765456] => 1.0765456,1.0765456
[["heading1", "heading2"],heading1,heading2] => ["heading1", "heading2"],heading1,heading2
[[1, 2],1,2] => [1, 2],1,2
[null,Error: Failed calculating expression "null". The error message was: Cannot read properties of null (reading 'toString')] => null,Error: Failed calculating expression "null". The error message was: Cannot read properties of null (reading 'toString')
[null || "No value",No value] => null || "No value",No value
[undefined,Error: Failed calculating expression "undefined". The error message was: Cannot read properties of undefined (reading 'toString')] => undefined,Error: Failed calculating expression "undefined". The error message was: Cannot read properties of undefined (reading 'toString')
[undefined || "No value",No value] => undefined || "No value",No value
["I _am_ not _italic_".replaceAll("_", "\\_"),I \_am\_ not \_italic\_] => "I _am_ not _italic_".replaceAll("_", "\\_"),I \_am\_ not \_italic\_
